exports[`RichTextEditor renders correctly 1`] = `
<div
  className="rich-text-editor"
  id="rich-text-editor" />
`;

exports[`RichTextEditor renders correctly with Toolbar 1`] = `
<div
  className="rich-text-editor"
  id="rich-text-editor">
  <div
    className="rich-text-editor-toolbar">
    <span
      className="rich-text-editor-toolbar-button rich-text-editor-button rich-text-editor-button--insert-image"
      onClick={[Function]}
      onMouseDown={[Function]}>
      <span
        className="rich-text-editor-toolbar-button-inner">
        <span
          aria-describedby="INSERT_IMAGE"
          onBlur={[Function]}
          onClick={null}
          onFocus={[Function]}
          onMouseOut={[Function]}
          onMouseOver={[Function]}>
          Insert image
        </span>
      </span>
    </span>
    <span
      className="rich-text-editor-toolbar-button rich-text-editor-button rich-text-editor-button--upload-file"
      onClick={[Function]}
      onMouseDown={[Function]}>
      <span
        className="rich-text-editor-toolbar-button-inner">
        <span
          aria-describedby="UPLOAD_FILE"
          onBlur={[Function]}
          onClick={null}
          onFocus={[Function]}
          onMouseOut={[Function]}
          onMouseOver={[Function]}>
          Upload file
        </span>
      </span>
    </span>
    <span
      className="rich-text-editor-toolbar-button rich-text-editor-button rich-text-editor-button--embed-code"
      onClick={[Function]}
      onMouseDown={[Function]}>
      <span
        className="rich-text-editor-toolbar-button-inner">
        <span
          aria-describedby="EMBED_IFRAME"
          onBlur={[Function]}
          onClick={null}
          onFocus={[Function]}
          onMouseOut={[Function]}
          onMouseOver={[Function]}>
          Embed iframe
        </span>
      </span>
    </span>
    <span
      className="rich-text-editor-toolbar-button-insert-link">
      <span
        className="rich-text-editor-toolbar-button"
        onClick={[Function]}
        onMouseDown={[Function]}>
        <span
          className="rich-text-editor-toolbar-button-inner">
          <span
            aria-describedby="INSERT_LINK"
            onBlur={[Function]}
            onClick={null}
            onFocus={[Function]}
            onMouseOut={[Function]}
            onMouseOver={[Function]}>
            Insert link
          </span>
        </span>
      </span>
      <div
        className="rich-text-editor-toolbar-button-insert-link-input">
        <input
          className="form-control"
          id={undefined}
          onChange={[Function]}
          pattern="^https?:\\/\\/.+"
          placeholder="url here..."
          type="text"
          value="" />
        <button
          className="btn btn-default"
          disabled={false}
          onClick={[Function]}
          type="button">
          âœ”
        </button>
        <span
          className="insert-link-error-message">
          Error
        </span>
      </div>
    </span>
    <span
      className="rich-text-editor-toolbar-button"
      onClick={[Function]}
      onMouseDown={[Function]}>
      <span
        className="rich-text-editor-toolbar-button-inner">
        <span
          aria-describedby="REMOVE_LINK"
          onBlur={[Function]}
          onClick={null}
          onFocus={[Function]}
          onMouseOut={[Function]}
          onMouseOver={[Function]}>
          Remove link
        </span>
      </span>
    </span>
    <span
      className="rich-text-editor-toolbar-divider" />
    <span
      className="rich-text-editor-toolbar-button rte-toolbar-button-heading"
      onClick={[Function]}
      onMouseDown={[Function]}>
      <span
        className="rich-text-editor-toolbar-button-inner">
        <div
          className="dropdown btn-group btn-group-sm">
          <button
            aria-expanded={false}
            aria-haspopup={true}
            className="rte-toolbar-heading dropdown-toggle btn btn-sm btn-default"
            disabled={false}
            id="rte-toolbar-heading"
            onClick={[Function]}
            onKeyDown={[Function]}
            role="button"
            type="button">
            Heading 1
             
            <span
              className="caret" />
          </button>
          <ul
            aria-labelledby="rte-toolbar-heading"
            className="dropdown-menu"
            role="menu">
            <li
              className="rte-toolbar-heading-menu"
              role="presentation"
              style={undefined}>
              <a
                href=""
                onClick={[Function]}
                onKeyDown={[Function]}
                role="menuitem"
                tabIndex="-1">
                Heading 1
              </a>
            </li>
            <li
              className="rte-toolbar-heading-menu"
              role="presentation"
              style={undefined}>
              <a
                href=""
                onClick={[Function]}
                onKeyDown={[Function]}
                role="menuitem"
                tabIndex="-1">
                Heading 2
              </a>
            </li>
            <li
              className="rte-toolbar-heading-menu"
              role="presentation"
              style={undefined}>
              <a
                href=""
                onClick={[Function]}
                onKeyDown={[Function]}
                role="menuitem"
                tabIndex="-1">
                Heading 3
              </a>
            </li>
            <li
              className="rte-toolbar-heading-menu"
              role="presentation"
              style={undefined}>
              <a
                href=""
                onClick={[Function]}
                onKeyDown={[Function]}
                role="menuitem"
                tabIndex="-1">
                Heading 4
              </a>
            </li>
            <li
              className="rte-toolbar-heading-menu"
              role="presentation"
              style={undefined}>
              <a
                href=""
                onClick={[Function]}
                onKeyDown={[Function]}
                role="menuitem"
                tabIndex="-1">
                Heading 5
              </a>
            </li>
          </ul>
        </div>
      </span>
    </span>
    <span
      className="rich-text-editor-toolbar-button"
      onClick={[Function]}
      onMouseDown={[Function]}>
      <span
        className="rich-text-editor-toolbar-button-inner">
        <span
          aria-describedby="BOLD"
          onBlur={[Function]}
          onClick={null}
          onFocus={[Function]}
          onMouseOut={[Function]}
          onMouseOver={[Function]}>
          Bold
        </span>
      </span>
    </span>
    <span
      className="rich-text-editor-toolbar-button"
      onClick={[Function]}
      onMouseDown={[Function]}>
      <span
        className="rich-text-editor-toolbar-button-inner">
        <span
          aria-describedby="ITALIC"
          onBlur={[Function]}
          onClick={null}
          onFocus={[Function]}
          onMouseOut={[Function]}
          onMouseOver={[Function]}>
          Italic
        </span>
      </span>
    </span>
    <span
      className="rich-text-editor-toolbar-button"
      onClick={[Function]}
      onMouseDown={[Function]}>
      <span
        className="rich-text-editor-toolbar-button-inner">
        <span
          aria-describedby="STRIKETHROUGH"
          onBlur={[Function]}
          onClick={null}
          onFocus={[Function]}
          onMouseOut={[Function]}
          onMouseOver={[Function]}>
          Strikethrough
        </span>
      </span>
    </span>
    <span
      className="rich-text-editor-toolbar-button"
      onClick={[Function]}
      onMouseDown={[Function]}>
      <span
        className="rich-text-editor-toolbar-button-inner">
        <span
          aria-describedby="BLOCKQUOTE"
          onBlur={[Function]}
          onClick={null}
          onFocus={[Function]}
          onMouseOut={[Function]}
          onMouseOver={[Function]}>
          Blockquote
        </span>
      </span>
    </span>
    <span
      className="rich-text-editor-toolbar-button"
      onClick={[Function]}
      onMouseDown={[Function]}>
      <span
        className="rich-text-editor-toolbar-button-inner">
        <span
          aria-describedby="CHECKABLE_LIST"
          onBlur={[Function]}
          onClick={null}
          onFocus={[Function]}
          onMouseOut={[Function]}
          onMouseOver={[Function]}>
          Check box
        </span>
      </span>
    </span>
    <span
      className="rich-text-editor-toolbar-button"
      onClick={[Function]}
      onMouseDown={[Function]}>
      <span
        className="rich-text-editor-toolbar-button-inner">
        <span
          aria-describedby="UNOERDERD_LIST"
          onBlur={[Function]}
          onClick={null}
          onFocus={[Function]}
          onMouseOut={[Function]}
          onMouseOver={[Function]}>
          Unoerderd list
        </span>
      </span>
    </span>
    <span
      className="rich-text-editor-toolbar-button"
      onClick={[Function]}
      onMouseDown={[Function]}>
      <span
        className="rich-text-editor-toolbar-button-inner">
        <span
          aria-describedby="OERDERD_LIST"
          onBlur={[Function]}
          onClick={null}
          onFocus={[Function]}
          onMouseOut={[Function]}
          onMouseOver={[Function]}>
          Oerderd list
        </span>
      </span>
    </span>
  </div>
</div>
`;
